// Jest Snapshot v1, https://goo.gl/fbAQLP

exports[`AdminPanel tests Snapshot matches 1`] = `
ShallowWrapper {
  Symbol(enzyme.__root__): [Circular],
  Symbol(enzyme.__unrendered__): <AdminPanel />,
  Symbol(enzyme.__renderer__): Object {
    "batchedUpdates": [Function],
    "getNode": [Function],
    "render": [Function],
    "simulateError": [Function],
    "simulateEvent": [Function],
    "unmount": [Function],
  },
  Symbol(enzyme.__node__): Object {
    "instance": null,
    "key": undefined,
    "nodeType": "host",
    "props": Object {
      "children": Array [
        <h1>
          AdminPanel
</h1>,
        <form
          onSubmit={[Function]}
>
          <input
                    id="title"
                    name="title"
                    onChange={[Function]}
                    placeholder="title"
                    type="text"
                    value={undefined}
          />
          <input
                    id="author"
                    name="author"
                    onChange={[Function]}
                    placeholder="author"
                    type="text"
                    value={undefined}
          />
          <textarea
                    id="description"
                    name="description"
                    onChange={[Function]}
                    placeholder="Book description:"
                    value={undefined}
          />
          <label
                    htmlFor="onStock"
          >
                     Book On Stock:
                    <input
                              id="onStock"
                              name="onStock"
                              onChange={[Function]}
                              type="checkbox"
                              value={undefined}
                    />
          </label>
          <input
                    id="isbn"
                    name="isbn"
                    onChange={[Function]}
                    placeholder="ISBN"
                    type="number"
                    value={undefined}
          />
          <input
                    id="image"
                    name="image"
                    onChange={[Function]}
                    placeholder="image path"
                    type="text"
                    value={undefined}
          />
          <button
                    className="button-form-submit"
                    type="submit"
          >
                    Add
          </button>
</form>,
      ],
      "className": "adminPanel",
    },
    "ref": null,
    "rendered": Array [
      Object {
        "instance": null,
        "key": undefined,
        "nodeType": "host",
        "props": Object {
          "children": "AdminPanel",
        },
        "ref": null,
        "rendered": "AdminPanel",
        "type": "h1",
      },
      Object {
        "instance": null,
        "key": undefined,
        "nodeType": "host",
        "props": Object {
          "children": Array [
            <input
              id="title"
              name="title"
              onChange={[Function]}
              placeholder="title"
              type="text"
              value={undefined}
/>,
            <input
              id="author"
              name="author"
              onChange={[Function]}
              placeholder="author"
              type="text"
              value={undefined}
/>,
            <textarea
              id="description"
              name="description"
              onChange={[Function]}
              placeholder="Book description:"
              value={undefined}
/>,
            <label
              htmlFor="onStock"
>
               Book On Stock:
              <input
                            id="onStock"
                            name="onStock"
                            onChange={[Function]}
                            type="checkbox"
                            value={undefined}
              />
</label>,
            <input
              id="isbn"
              name="isbn"
              onChange={[Function]}
              placeholder="ISBN"
              type="number"
              value={undefined}
/>,
            <input
              id="image"
              name="image"
              onChange={[Function]}
              placeholder="image path"
              type="text"
              value={undefined}
/>,
            <button
              className="button-form-submit"
              type="submit"
>
              Add
</button>,
          ],
          "onSubmit": [Function],
        },
        "ref": null,
        "rendered": Array [
          Object {
            "instance": null,
            "key": undefined,
            "nodeType": "host",
            "props": Object {
              "id": "title",
              "name": "title",
              "onChange": [Function],
              "placeholder": "title",
              "type": "text",
              "value": undefined,
            },
            "ref": null,
            "rendered": null,
            "type": "input",
          },
          Object {
            "instance": null,
            "key": undefined,
            "nodeType": "host",
            "props": Object {
              "id": "author",
              "name": "author",
              "onChange": [Function],
              "placeholder": "author",
              "type": "text",
              "value": undefined,
            },
            "ref": null,
            "rendered": null,
            "type": "input",
          },
          Object {
            "instance": null,
            "key": undefined,
            "nodeType": "host",
            "props": Object {
              "id": "description",
              "name": "description",
              "onChange": [Function],
              "placeholder": "Book description:",
              "value": undefined,
            },
            "ref": null,
            "rendered": null,
            "type": "textarea",
          },
          Object {
            "instance": null,
            "key": undefined,
            "nodeType": "host",
            "props": Object {
              "children": Array [
                " Book On Stock:",
                <input
                  id="onStock"
                  name="onStock"
                  onChange={[Function]}
                  type="checkbox"
                  value={undefined}
/>,
              ],
              "htmlFor": "onStock",
            },
            "ref": null,
            "rendered": Array [
              " Book On Stock:",
              Object {
                "instance": null,
                "key": undefined,
                "nodeType": "host",
                "props": Object {
                  "id": "onStock",
                  "name": "onStock",
                  "onChange": [Function],
                  "type": "checkbox",
                  "value": undefined,
                },
                "ref": null,
                "rendered": null,
                "type": "input",
              },
            ],
            "type": "label",
          },
          Object {
            "instance": null,
            "key": undefined,
            "nodeType": "host",
            "props": Object {
              "id": "isbn",
              "name": "isbn",
              "onChange": [Function],
              "placeholder": "ISBN",
              "type": "number",
              "value": undefined,
            },
            "ref": null,
            "rendered": null,
            "type": "input",
          },
          Object {
            "instance": null,
            "key": undefined,
            "nodeType": "host",
            "props": Object {
              "id": "image",
              "name": "image",
              "onChange": [Function],
              "placeholder": "image path",
              "type": "text",
              "value": undefined,
            },
            "ref": null,
            "rendered": null,
            "type": "input",
          },
          Object {
            "instance": null,
            "key": undefined,
            "nodeType": "host",
            "props": Object {
              "children": "Add",
              "className": "button-form-submit",
              "type": "submit",
            },
            "ref": null,
            "rendered": "Add",
            "type": "button",
          },
        ],
        "type": "form",
      },
    ],
    "type": "div",
  },
  Symbol(enzyme.__nodes__): Array [
    Object {
      "instance": null,
      "key": undefined,
      "nodeType": "host",
      "props": Object {
        "children": Array [
          <h1>
            AdminPanel
</h1>,
          <form
            onSubmit={[Function]}
>
            <input
                        id="title"
                        name="title"
                        onChange={[Function]}
                        placeholder="title"
                        type="text"
                        value={undefined}
            />
            <input
                        id="author"
                        name="author"
                        onChange={[Function]}
                        placeholder="author"
                        type="text"
                        value={undefined}
            />
            <textarea
                        id="description"
                        name="description"
                        onChange={[Function]}
                        placeholder="Book description:"
                        value={undefined}
            />
            <label
                        htmlFor="onStock"
            >
                         Book On Stock:
                        <input
                                    id="onStock"
                                    name="onStock"
                                    onChange={[Function]}
                                    type="checkbox"
                                    value={undefined}
                        />
            </label>
            <input
                        id="isbn"
                        name="isbn"
                        onChange={[Function]}
                        placeholder="ISBN"
                        type="number"
                        value={undefined}
            />
            <input
                        id="image"
                        name="image"
                        onChange={[Function]}
                        placeholder="image path"
                        type="text"
                        value={undefined}
            />
            <button
                        className="button-form-submit"
                        type="submit"
            >
                        Add
            </button>
</form>,
        ],
        "className": "adminPanel",
      },
      "ref": null,
      "rendered": Array [
        Object {
          "instance": null,
          "key": undefined,
          "nodeType": "host",
          "props": Object {
            "children": "AdminPanel",
          },
          "ref": null,
          "rendered": "AdminPanel",
          "type": "h1",
        },
        Object {
          "instance": null,
          "key": undefined,
          "nodeType": "host",
          "props": Object {
            "children": Array [
              <input
                id="title"
                name="title"
                onChange={[Function]}
                placeholder="title"
                type="text"
                value={undefined}
/>,
              <input
                id="author"
                name="author"
                onChange={[Function]}
                placeholder="author"
                type="text"
                value={undefined}
/>,
              <textarea
                id="description"
                name="description"
                onChange={[Function]}
                placeholder="Book description:"
                value={undefined}
/>,
              <label
                htmlFor="onStock"
>
                 Book On Stock:
                <input
                                id="onStock"
                                name="onStock"
                                onChange={[Function]}
                                type="checkbox"
                                value={undefined}
                />
</label>,
              <input
                id="isbn"
                name="isbn"
                onChange={[Function]}
                placeholder="ISBN"
                type="number"
                value={undefined}
/>,
              <input
                id="image"
                name="image"
                onChange={[Function]}
                placeholder="image path"
                type="text"
                value={undefined}
/>,
              <button
                className="button-form-submit"
                type="submit"
>
                Add
</button>,
            ],
            "onSubmit": [Function],
          },
          "ref": null,
          "rendered": Array [
            Object {
              "instance": null,
              "key": undefined,
              "nodeType": "host",
              "props": Object {
                "id": "title",
                "name": "title",
                "onChange": [Function],
                "placeholder": "title",
                "type": "text",
                "value": undefined,
              },
              "ref": null,
              "rendered": null,
              "type": "input",
            },
            Object {
              "instance": null,
              "key": undefined,
              "nodeType": "host",
              "props": Object {
                "id": "author",
                "name": "author",
                "onChange": [Function],
                "placeholder": "author",
                "type": "text",
                "value": undefined,
              },
              "ref": null,
              "rendered": null,
              "type": "input",
            },
            Object {
              "instance": null,
              "key": undefined,
              "nodeType": "host",
              "props": Object {
                "id": "description",
                "name": "description",
                "onChange": [Function],
                "placeholder": "Book description:",
                "value": undefined,
              },
              "ref": null,
              "rendered": null,
              "type": "textarea",
            },
            Object {
              "instance": null,
              "key": undefined,
              "nodeType": "host",
              "props": Object {
                "children": Array [
                  " Book On Stock:",
                  <input
                    id="onStock"
                    name="onStock"
                    onChange={[Function]}
                    type="checkbox"
                    value={undefined}
/>,
                ],
                "htmlFor": "onStock",
              },
              "ref": null,
              "rendered": Array [
                " Book On Stock:",
                Object {
                  "instance": null,
                  "key": undefined,
                  "nodeType": "host",
                  "props": Object {
                    "id": "onStock",
                    "name": "onStock",
                    "onChange": [Function],
                    "type": "checkbox",
                    "value": undefined,
                  },
                  "ref": null,
                  "rendered": null,
                  "type": "input",
                },
              ],
              "type": "label",
            },
            Object {
              "instance": null,
              "key": undefined,
              "nodeType": "host",
              "props": Object {
                "id": "isbn",
                "name": "isbn",
                "onChange": [Function],
                "placeholder": "ISBN",
                "type": "number",
                "value": undefined,
              },
              "ref": null,
              "rendered": null,
              "type": "input",
            },
            Object {
              "instance": null,
              "key": undefined,
              "nodeType": "host",
              "props": Object {
                "id": "image",
                "name": "image",
                "onChange": [Function],
                "placeholder": "image path",
                "type": "text",
                "value": undefined,
              },
              "ref": null,
              "rendered": null,
              "type": "input",
            },
            Object {
              "instance": null,
              "key": undefined,
              "nodeType": "host",
              "props": Object {
                "children": "Add",
                "className": "button-form-submit",
                "type": "submit",
              },
              "ref": null,
              "rendered": "Add",
              "type": "button",
            },
          ],
          "type": "form",
        },
      ],
      "type": "div",
    },
  ],
  Symbol(enzyme.__options__): Object {
    "adapter": ReactSixteenAdapter {
      "options": Object {
        "enableComponentDidUpdateOnSetState": true,
        "lifecycles": Object {
          "componentDidUpdate": Object {
            "onSetState": true,
          },
          "getDerivedStateFromProps": true,
          "getSnapshotBeforeUpdate": true,
          "setState": Object {
            "skipsComponentDidUpdateOnNullish": true,
          },
        },
      },
    },
    "attachTo": undefined,
    "hydrateIn": undefined,
  },
}
`;
