// Jest Snapshot v1, https://goo.gl/fbAQLP

exports[`Order view tests Snapshot matches 1`] = `
ShallowWrapper {
  Symbol(enzyme.__root__): [Circular],
  Symbol(enzyme.__unrendered__): <OrderView
    book={
        Object {
            "title": "Book title",
          }
    }
/>,
  Symbol(enzyme.__renderer__): Object {
    "batchedUpdates": [Function],
    "getNode": [Function],
    "render": [Function],
    "simulateError": [Function],
    "simulateEvent": [Function],
    "unmount": [Function],
  },
  Symbol(enzyme.__node__): Object {
    "instance": null,
    "key": undefined,
    "nodeType": "host",
    "props": Object {
      "children": Array [
        <h1>
           
          <i>
                    Book title
          </i>
</h1>,
        <button
          onClick={[Function]}
>
           Remove 
</button>,
      ],
    },
    "ref": null,
    "rendered": Array [
      Object {
        "instance": null,
        "key": undefined,
        "nodeType": "host",
        "props": Object {
          "children": Array [
            undefined,
            " ",
            <i>
              Book title
</i>,
          ],
        },
        "ref": null,
        "rendered": Array [
          undefined,
          " ",
          Object {
            "instance": null,
            "key": undefined,
            "nodeType": "host",
            "props": Object {
              "children": "Book title",
            },
            "ref": null,
            "rendered": "Book title",
            "type": "i",
          },
        ],
        "type": "h1",
      },
      Object {
        "instance": null,
        "key": undefined,
        "nodeType": "host",
        "props": Object {
          "children": " Remove ",
          "onClick": [Function],
        },
        "ref": null,
        "rendered": " Remove ",
        "type": "button",
      },
    ],
    "type": "div",
  },
  Symbol(enzyme.__nodes__): Array [
    Object {
      "instance": null,
      "key": undefined,
      "nodeType": "host",
      "props": Object {
        "children": Array [
          <h1>
             
            <i>
                        Book title
            </i>
</h1>,
          <button
            onClick={[Function]}
>
             Remove 
</button>,
        ],
      },
      "ref": null,
      "rendered": Array [
        Object {
          "instance": null,
          "key": undefined,
          "nodeType": "host",
          "props": Object {
            "children": Array [
              undefined,
              " ",
              <i>
                Book title
</i>,
            ],
          },
          "ref": null,
          "rendered": Array [
            undefined,
            " ",
            Object {
              "instance": null,
              "key": undefined,
              "nodeType": "host",
              "props": Object {
                "children": "Book title",
              },
              "ref": null,
              "rendered": "Book title",
              "type": "i",
            },
          ],
          "type": "h1",
        },
        Object {
          "instance": null,
          "key": undefined,
          "nodeType": "host",
          "props": Object {
            "children": " Remove ",
            "onClick": [Function],
          },
          "ref": null,
          "rendered": " Remove ",
          "type": "button",
        },
      ],
      "type": "div",
    },
  ],
  Symbol(enzyme.__options__): Object {
    "adapter": ReactSixteenAdapter {
      "options": Object {
        "enableComponentDidUpdateOnSetState": true,
        "lifecycles": Object {
          "componentDidUpdate": Object {
            "onSetState": true,
          },
          "getDerivedStateFromProps": true,
          "getSnapshotBeforeUpdate": true,
          "setState": Object {
            "skipsComponentDidUpdateOnNullish": true,
          },
        },
      },
    },
    "attachTo": undefined,
    "hydrateIn": undefined,
  },
}
`;
